# serializer version: 1
# name: test_dojo_groups_list_table
  '''
  ┏━━━━┳━━━━━━━━━━┳━━━━━━━━━━━━━━━━━━━━┳━━━━━━━━━━━━━━━━━┓
  ┃ id ┃ name     ┃ description        ┃ social_provider ┃
  ┡━━━━╇━━━━━━━━━━╇━━━━━━━━━━━━━━━━━━━━╇━━━━━━━━━━━━━━━━━┩
  │ 1  │ Platform │ Platform engineers │                 │
  │ 2  │ Security │ AppSec team        │ AzureAD         │
  └────┴──────────┴────────────────────┴─────────────────┘
  
  '''
# ---
# name: test_endpoints_list_table
  '''
  ┏━━━━┳━━━━━━━━━━━━━━━━━━━┳━━━━━━┳━━━━━━━━━━━┳━━━━━━━━━━┳━━━━━━━━━┓
  ┃ id ┃ host              ┃ port ┃ path      ┃ protocol ┃ product ┃
  ┡━━━━╇━━━━━━━━━━━━━━━━━━━╇━━━━━━╇━━━━━━━━━━━╇━━━━━━━━━━╇━━━━━━━━━┩
  │ 1  │ api.example.com   │ 443  │ /v1/users │ https    │ 5       │
  │ 2  │ admin.example.com │ 443  │ /login    │ https    │ 5       │
  └────┴───────────────────┴──────┴───────────┴──────────┴─────────┘
  
  '''
# ---
# name: test_finding_templates_list_table
  '''
  ┏━━━━┳━━━━━━━━━━━━━━━┳━━━━━━━━━━┳━━━━━┳━━━━━━━━━━━━━━━━━━━━━━━━┓
  ┃ id ┃ title         ┃ severity ┃ cwe ┃ tags                   ┃
  ┡━━━━╇━━━━━━━━━━━━━━━╇━━━━━━━━━━╇━━━━━╇━━━━━━━━━━━━━━━━━━━━━━━━┩
  │ 1  │ SQL Injection │ High     │ 89  │ ['owasp', 'injection'] │
  └────┴───────────────┴──────────┴─────┴────────────────────────┘
  
  '''
# ---
# name: test_jira_instances_list_table
  '''
  ┏━━━━┳━━━━━━━━━━━━━━━━━━━━┳━━━━━━━━━━━━━━━━━━━━━━━━━━━━━━━┳━━━━━━━━━━━━┳━━━━━━━━━━━━━━━━━━━━┓
  ┃ id ┃ configuration_name ┃ url                           ┃ username   ┃ default_issue_type ┃
  ┡━━━━╇━━━━━━━━━━━━━━━━━━━━╇━━━━━━━━━━━━━━━━━━━━━━━━━━━━━━━╇━━━━━━━━━━━━╇━━━━━━━━━━━━━━━━━━━━┩
  │ 1  │ Main Jira          │ https://example.atlassian.net │ appsec-bot │ Bug                │
  └────┴────────────────────┴───────────────────────────────┴────────────┴────────────────────┘
  
  '''
# ---
# name: test_metadata_list_table
  '''
  ┏━━━━┳━━━━━━━━━━━━━━┳━━━━━━━━━━┳━━━━━━━━━┳━━━━━━━━━┳━━━━━━━━━━┓
  ┃ id ┃ name         ┃ value    ┃ product ┃ finding ┃ endpoint ┃
  ┡━━━━╇━━━━━━━━━━━━━━╇━━━━━━━━━━╇━━━━━━━━━╇━━━━━━━━━╇━━━━━━━━━━┩
  │ 1  │ service_tier │ tier-1   │ 5       │         │          │
  │ 2  │ owner_team   │ platform │ 5       │         │          │
  └────┴──────────────┴──────────┴─────────┴─────────┴──────────┘
  
  '''
# ---
# name: test_risk_acceptances_list_table
  '''
  ┏━━━━┳━━━━━━━━━━━━━━━━━━━━━━━━━━┳━━━━━━━┳━━━━━━━━━━┳━━━━━━━━━━━━━━━━━┳━━━━━━━━━━━━━━━━━━━━┓
  ┃ id ┃ name                     ┃ owner ┃ decision ┃ expiration_date ┃ reactivate_expired ┃
  ┡━━━━╇━━━━━━━━━━━━━━━━━━━━━━━━━━╇━━━━━━━╇━━━━━━━━━━╇━━━━━━━━━━━━━━━━━╇━━━━━━━━━━━━━━━━━━━━┩
  │ 11 │ Payment service deferral │ 7     │ Accept   │ 2026-09-30      │ true               │
  └────┴──────────────────────────┴───────┴──────────┴─────────────────┴────────────────────┘
  
  '''
# ---
