# serializer version: 1
# name: test_engagements_list_table
  '''
  ┏━━━━━┳━━━━━━━━━━━━━┳━━━━━━━━━┳━━━━━━━━━━━━━━┳━━━━━━━━━━━━┳━━━━━━━━━━━━━┓
  ┃ id  ┃ name        ┃ product ┃ target_start ┃ target_end ┃ status      ┃
  ┡━━━━━╇━━━━━━━━━━━━━╇━━━━━━━━━╇━━━━━━━━━━━━━━╇━━━━━━━━━━━━╇━━━━━━━━━━━━━┩
  │ 100 │ Q4 Pen Test │ 1       │ 2026-01-01   │ 2026-03-31 │ In Progress │
  └─────┴─────────────┴─────────┴──────────────┴────────────┴─────────────┘
  
  '''
# ---
# name: test_findings_list_table
  '''
  ┏━━━━┳━━━━━━━┳━━━━━━━━━━┳━━━━━━━━┳━━━━━━━━━━┳━━━━━━━━━━┓
  ┃ id ┃ title ┃ severity ┃ active ┃ verified ┃ found_by ┃
  ┡━━━━╇━━━━━━━╇━━━━━━━━━━╇━━━━━━━━╇━━━━━━━━━━╇━━━━━━━━━━┩
  │ 9  │ XSS   │ High     │ true   │ true     │ [3]      │
  └────┴───────┴──────────┴────────┴──────────┴──────────┘
  
  '''
# ---
# name: test_product_types_list_table
  '''
  ┏━━━━┳━━━━━━━━━━┳━━━━━━━━━━━━━━━━━━┳━━━━━━━━━━━━━┓
  ┃ id ┃ name     ┃ critical_product ┃ key_product ┃
  ┡━━━━╇━━━━━━━━━━╇━━━━━━━━━━━━━━━━━━╇━━━━━━━━━━━━━┩
  │ 1  │ Web Apps │ true             │ true        │
  │ 2  │ Mobile   │ false            │ false       │
  └────┴──────────┴──────────────────┴─────────────┘
  
  '''
# ---
# name: test_products_list_renders_table
  '''
  ┏━━━━┳━━━━━━━┳━━━━━━━━━━━┳━━━━━━━━━━━━━━━━━━━━━━┳━━━━━━━━━━━━━━┓
  ┃ id ┃ name  ┃ prod_type ┃ business_criticality ┃ lifecycle    ┃
  ┡━━━━╇━━━━━━━╇━━━━━━━━━━━╇━━━━━━━━━━━━━━━━━━━━━━╇━━━━━━━━━━━━━━┩
  │ 1  │ alpha │ 2         │ high                 │ production   │
  │ 2  │ beta  │ 2         │ low                  │ construction │
  └────┴───────┴───────────┴──────────────────────┴──────────────┘
  
  '''
# ---
# name: test_tests_list_table
  '''
  ┏━━━━┳━━━━━━━┳━━━━━━━━━━━━┳━━━━━━━━━━━┳━━━━━━━━━━━━━━┳━━━━━━━━━━━━┓
  ┃ id ┃ title ┃ engagement ┃ test_type ┃ target_start ┃ target_end ┃
  ┡━━━━╇━━━━━━━╇━━━━━━━━━━━━╇━━━━━━━━━━━╇━━━━━━━━━━━━━━╇━━━━━━━━━━━━┩
  │ 1  │ Trivy │ 100        │ 5         │ 2026-04-01   │ 2026-04-02 │
  └────┴───────┴────────────┴───────────┴──────────────┴────────────┘
  
  '''
# ---
# name: test_users_list_table
  '''
  ┏━━━━┳━━━━━━━━━━┳━━━━━━━━━━━━┳━━━━━━━━━━━┳━━━━━━━━━━━━━━━━━━━┳━━━━━━━━━━━┓
  ┃ id ┃ username ┃ first_name ┃ last_name ┃ email             ┃ is_active ┃
  ┡━━━━╇━━━━━━━━━━╇━━━━━━━━━━━━╇━━━━━━━━━━━╇━━━━━━━━━━━━━━━━━━━╇━━━━━━━━━━━┩
  │ 1  │ alice    │ Alice      │ Anderson  │ alice@example.com │ true      │
  │ 2  │ bob      │ Bob        │ Brown     │ bob@example.com   │ false     │
  └────┴──────────┴────────────┴───────────┴───────────────────┴───────────┘
  
  '''
# ---
